../Core/Src/main.c:130:5:main	40	static
../Core/Src/main.c:201:6:SystemClock_Config	96	static
../Core/Src/main.c:247:13:MX_SPI1_Init	8	static
../Core/Src/main.c:287:13:MX_TIM1_Init	40	static
../Core/Src/main.c:333:13:MX_TIM6_Init	8	static
../Core/Src/main.c:363:13:MX_USART1_UART_Init	16	static
../Core/Src/main.c:396:13:MX_DMA_Init	16	static
../Core/Src/main.c:417:13:MX_GPIO_Init	48	static
../Core/Src/main.c:444:10:setTxData	24	static
../Core/Src/main.c:474:18:readADC	24	static
../Core/Src/main.c:483:6:handleReceivedData	16	static
../Core/Src/main.c:493:7:uint16_to_char_array	40	static
../Core/Src/main.c:511:6:uartPrint	32	static
../Core/Src/main.c:541:6:HAL_UART_TxCpltCallback	16	static
../Core/Src/main.c:552:6:SPI_DMA_TxRx_CONFIG	24	static
../Core/Src/main.c:609:6:SPI_DMA_TxRx	32	static
../Core/Src/main.c:699:6:HAL_TIM_PeriodElapsedCallback	32	static
../Core/Src/main.c:734:6:HAL_SPI_TxRxCpltCallback	16	static
../Core/Src/main.c:746:6:Error_Handler	8	static,ignoring_inline_asm
